// Jest Snapshot v1, https://goo.gl/fbAQLP

exports[`matches snapshot 1`] = `
<div
  className="codeblock"
>
  <pre
    className="language-text"
  >
    <code
      className="language-text"
    />
  </pre>
</div>
`;
