// Jest Snapshot v1, https://goo.gl/fbAQLP

exports[`renders project 1`] = `
<li
  className="gEoxXY"
>
  <h1>
    Test
  </h1>
</li>
`;
